// Jest Snapshot v1, https://goo.gl/fbAQLP

exports[`TravelCard components test renders without crashing with all props 1`] = `
<Card>
  <CardContent>
    <CardHeader>
       
      Roma
       
    </CardHeader>
    <TravelImage
      src="Roma.jpg"
    />
    <CardMeta>
      <FeedDate>
        200
         
      </FeedDate>
      <FeedDate>
        300
         
      </FeedDate>
    </CardMeta>
  </CardContent>
  <CardContent>
    <CardDescription>
       
      note roma
       
    </CardDescription>
  </CardContent>
</Card>
`;

exports[`TravelCard components test renders without crashing with required props 1`] = `
<Card>
  <CardContent>
    <CardHeader>
       
      Roma
       
    </CardHeader>
    <TravelImage
      src="Roma.jpg"
    />
    <CardMeta>
      <FeedDate>
         
      </FeedDate>
      <FeedDate>
         
      </FeedDate>
    </CardMeta>
  </CardContent>
  <CardContent>
    <CardDescription>
       
      note roma
       
    </CardDescription>
  </CardContent>
</Card>
`;
